
> rudra-app@0.1.0 build
> next build

Γû▓ Next.js 16.1.6 (Turbopack)
- Environments: .env.local

node.exe : ΓÜá The "middleware" file convention is deprecated. Please use 
"proxy" instead. Learn more: 
https://nextjs.org/docs/messages/middleware-to-proxy
At line:1 char:1
+ & "C:\Program Files\nodejs/node.exe" "C:\Program Files\nodejs/node_mo ...
+ ~~~~~~~~~~~~~~~~~~~~~~~~~~~~~~~~~~~~~~~~~~~~~~~~~~~~~~~~~~~~~~~~~~~~~
    + CategoryInfo          : NotSpecified: (ΓÜá The "middle...leware-to-pro 
   xy:String) [], RemoteException
    + FullyQualifiedErrorId : NativeCommandError
 
  Creating an optimized production build ...
Γ£ô Compiled successfully in 5.1s
  Running TypeScript ...
  Collecting page data using 11 workers ...
  Generating static pages using 11 workers (0/30) ...
  Generating static pages using 11 workers (7/30) 
  Generating static pages using 11 workers (14/30) 
  Generating static pages using 11 workers (22/30) 
Γ£ô Generating static pages using 11 workers (30/30) in 478.6ms
  Finalizing page optimization ...

Route (app)
Γöî ╞Æ /
Γö£ Γùï /_not-found
Γö£ ╞Æ /api/demo-login
Γö£ ╞Æ /api/demo-logout
Γö£ ╞Æ /api/demo-users
Γö£ ╞Æ /auth/callback
Γö£ ╞Æ /dashboard
Γö£ ╞Æ /dashboard/activities
Γö£ ╞Æ /dashboard/clients
Γö£ ╞Æ /dashboard/clients/[id]
Γö£ ╞Æ /dashboard/crm
Γö£ ╞Æ /dashboard/invoices
Γö£ ╞Æ /dashboard/payments
Γö£ ╞Æ /dashboard/services
Γö£ ╞Æ /dashboard/users
Γö£ ╞Æ /dashboard/users/create
Γö£ Γùï /login
Γö£ ╞Æ /portal
Γö£ ╞Æ /portal/demo-video
Γö£ ╞Æ /portal/evacuation-plan
Γö£ ╞Æ /portal/form-b
Γö£ ╞Æ /portal/how-to-operate
Γö£ ╞Æ /portal/invoices
Γö£ ╞Æ /portal/payments
Γö£ ╞Æ /portal/service-report
Γö£ ╞Æ /portal/services
Γö£ ╞Æ /portal/society-info
Γö£ ╞Æ /portal/sop
Γöö ╞Æ /portal/violation-notice


╞Æ Proxy (Middleware)

Γùï  (Static)   prerendered as static content
╞Æ  (Dynamic)  server-rendered on demand

